2026-02-15 00:07:04 | INFO | Pipeline start: input=c:\Projects\Diploma\data\cmp_facade_base\base\cmp_b0378.jpg outdir=c:\Projects\Diploma\runs\cmp_real\cmp_b0378 config=c:\Projects\Diploma\configs\mvp.yaml device=cpu
2026-02-15 00:07:04 | INFO | Seed set to 42
2026-02-15 00:07:04 | INFO | Collecting 1 images (of 1 found)
2026-02-15 00:07:05 | INFO | Geometry stage: evaluating 1 frames with 3 Canny variants
2026-02-15 00:07:05 | ERROR | Pipeline failed: Geometry stage failed quality gate: rectification_score=0.375 < 0.450
Traceback (most recent call last):
  File "C:\Projects\Diploma\src\pipeline.py", line 68, in run_pipeline
    geometry_result = run_geometry(
                      ^^^^^^^^^^^^^
  File "C:\Projects\Diploma\src\geometry\baseline.py", line 111, in run_geometry
    raise RuntimeError(
RuntimeError: Geometry stage failed quality gate: rectification_score=0.375 < 0.450
2026-02-15 00:08:21 | INFO | Pipeline start: input=c:\Projects\Diploma\data\cmp_facade_base\base\cmp_b0378.jpg outdir=c:\Projects\Diploma\runs\cmp_real\cmp_b0378 config=c:\Projects\Diploma\configs\mvp.yaml device=cpu
2026-02-15 00:08:21 | INFO | Seed set to 42
2026-02-15 00:08:21 | INFO | Input stage cache hit: reuse 1 frames
2026-02-15 00:08:21 | INFO | Geometry stage: evaluating 1 frames with 3 Canny variants
2026-02-15 00:08:21 | ERROR | Pipeline failed: Geometry stage failed quality gate: rectification_score=0.375 < 0.450
Traceback (most recent call last):
  File "C:\Projects\Diploma\src\pipeline.py", line 68, in run_pipeline
    geometry_result = run_geometry(
                      ^^^^^^^^^^^^^
  File "C:\Projects\Diploma\src\geometry\baseline.py", line 111, in run_geometry
    raise RuntimeError(
RuntimeError: Geometry stage failed quality gate: rectification_score=0.375 < 0.450
